WARNING:jax._src.dispatch:Finished tracing scan for jit in 0.000621557 sec
WARNING:jax._src.interpreters.pxla:Compiling jit(scan) with global shapes and types (ShapedArray(float32[4,256,3072]), ShapedArray(float32[128,128]), ShapedArray(float32[128,128]), ShapedArray(float32[128,128]), ShapedArray(float32[128,128]), ShapedArray(float32[128,128]), ShapedArray(float32[128,128]), ShapedArray(float32[128,128]), ShapedArray(float32[128,128]), ShapedArray(float32[128,128]), ShapedArray(float32[128,3072]), ShapedArray(float32[128,256]), ShapedArray(float32[256,128]), ShapedArray(float32[256,128]), ShapedArray(float32[256,128]), ShapedArray(float32[256,128]), ShapedArray(float32[256,128]), ShapedArray(float32[256,128]), ShapedArray(float32[256,128]), ShapedArray(float32[256,128]), ShapedArray(float32[256,128]), ShapedArray(float32[256,128]), ShapedArray(float32[256,128]), ShapedArray(float32[256,128]), ShapedArray(float32[256,128]), ShapedArray(float32[256,128]), ShapedArray(float32[256,128]), ShapedArray(float32[256,128]), ShapedArray(float32[256,128]), ShapedArray(float32[256,128]), ShapedArray(float32[256,128]), ShapedArray(float32[256,128]), ShapedArray(float32[256,128]), ShapedArray(float32[256,128]), ShapedArray(float32[256,128]), ShapedArray(float32[256,128]), ShapedArray(float32[256,128]), ShapedArray(float32[256,128]), ShapedArray(float32[256,128]), ShapedArray(float32[256,128]), ShapedArray(float32[256,128]), ShapedArray(float32[256,128]), ShapedArray(float32[256,128]), ShapedArray(float32[256,128]), ShapedArray(float32[256,128]), ShapedArray(float32[256,128]), ShapedArray(float32[256,128]), ShapedArray(float32[256,128]), ShapedArray(float32[256,128]), ShapedArray(float32[256,128]), ShapedArray(float32[256,128]), ShapedArray(float32[256,128])). Argument mapping: (UnspecifiedValue, UnspecifiedValue, UnspecifiedValue, UnspecifiedValue, UnspecifiedValue, UnspecifiedValue, UnspecifiedValue, UnspecifiedValue, UnspecifiedValue, UnspecifiedValue, UnspecifiedValue, UnspecifiedValue, UnspecifiedValue, UnspecifiedValue, UnspecifiedValue, UnspecifiedValue, UnspecifiedValue, UnspecifiedValue, UnspecifiedValue, UnspecifiedValue, UnspecifiedValue, UnspecifiedValue, UnspecifiedValue, UnspecifiedValue, UnspecifiedValue, UnspecifiedValue, UnspecifiedValue, UnspecifiedValue, UnspecifiedValue, UnspecifiedValue, UnspecifiedValue, UnspecifiedValue, UnspecifiedValue, UnspecifiedValue, UnspecifiedValue, UnspecifiedValue, UnspecifiedValue, UnspecifiedValue, UnspecifiedValue, UnspecifiedValue, UnspecifiedValue, UnspecifiedValue, UnspecifiedValue, UnspecifiedValue, UnspecifiedValue, UnspecifiedValue, UnspecifiedValue, UnspecifiedValue, UnspecifiedValue, UnspecifiedValue, UnspecifiedValue, UnspecifiedValue).
WARNING:jax._src.dispatch:Finished jaxpr to MLIR module conversion jit(scan) in 0.094072342 sec
WARNING:jax._src.dispatch:Finished XLA compilation of jit(scan) in 1.912071228 sec
WARNING:jax._src.dispatch:Finished tracing scan for jit in 0.000610113 sec
WARNING:jax._src.interpreters.pxla:Compiling jit(scan) with global shapes and types (ShapedArray(float32[4,256,3072]), ShapedArray(float32[128,128]), ShapedArray(float32[128,128]), ShapedArray(float32[128,128]), ShapedArray(float32[128,128]), ShapedArray(float32[128,128]), ShapedArray(float32[128,128]), ShapedArray(float32[128,128]), ShapedArray(float32[128,128]), ShapedArray(float32[128,128]), ShapedArray(float32[128,3072]), ShapedArray(float32[128,256]), ShapedArray(float32[256,128]), ShapedArray(float32[256,128]), ShapedArray(float32[256,128]), ShapedArray(float32[256,128]), ShapedArray(float32[256,128]), ShapedArray(float32[256,128]), ShapedArray(float32[256,128]), ShapedArray(float32[256,128]), ShapedArray(float32[256,128]), ShapedArray(float32[256,128]), ShapedArray(float32[256,128]), ShapedArray(float32[256,128]), ShapedArray(float32[256,128]), ShapedArray(float32[256,128]), ShapedArray(float32[256,128]), ShapedArray(float32[256,128]), ShapedArray(float32[256,128]), ShapedArray(float32[256,128]), ShapedArray(float32[256,128]), ShapedArray(float32[256,128]), ShapedArray(float32[256,128]), ShapedArray(float32[256,128]), ShapedArray(float32[256,128]), ShapedArray(float32[256,128]), ShapedArray(float32[256,128]), ShapedArray(float32[256,128]), ShapedArray(float32[256,128]), ShapedArray(float32[256,128]), ShapedArray(float32[256,128]), ShapedArray(float32[256,128]), ShapedArray(float32[256,128]), ShapedArray(float32[256,128]), ShapedArray(float32[256,128]), ShapedArray(float32[256,128]), ShapedArray(float32[256,128]), ShapedArray(float32[256,128]), ShapedArray(float32[256,128]), ShapedArray(float32[256,128]), ShapedArray(float32[256,128]), ShapedArray(float32[256,128])). Argument mapping: (UnspecifiedValue, UnspecifiedValue, UnspecifiedValue, UnspecifiedValue, UnspecifiedValue, UnspecifiedValue, UnspecifiedValue, UnspecifiedValue, UnspecifiedValue, UnspecifiedValue, UnspecifiedValue, UnspecifiedValue, UnspecifiedValue, UnspecifiedValue, UnspecifiedValue, UnspecifiedValue, UnspecifiedValue, UnspecifiedValue, UnspecifiedValue, UnspecifiedValue, UnspecifiedValue, UnspecifiedValue, UnspecifiedValue, UnspecifiedValue, UnspecifiedValue, UnspecifiedValue, UnspecifiedValue, UnspecifiedValue, UnspecifiedValue, UnspecifiedValue, UnspecifiedValue, UnspecifiedValue, UnspecifiedValue, UnspecifiedValue, UnspecifiedValue, UnspecifiedValue, UnspecifiedValue, UnspecifiedValue, UnspecifiedValue, UnspecifiedValue, UnspecifiedValue, UnspecifiedValue, UnspecifiedValue, UnspecifiedValue, UnspecifiedValue, UnspecifiedValue, UnspecifiedValue, UnspecifiedValue, UnspecifiedValue, UnspecifiedValue, UnspecifiedValue, UnspecifiedValue).
WARNING:jax._src.dispatch:Finished jaxpr to MLIR module conversion jit(scan) in 0.092951059 sec
WARNING:jax._src.dispatch:Finished XLA compilation of jit(scan) in 1.801327229 sec
WARNING:jax._src.dispatch:Finished tracing scan for jit in 0.000617743 sec
WARNING:jax._src.interpreters.pxla:Compiling jit(scan) with global shapes and types (ShapedArray(float32[4,256,3072]), ShapedArray(float32[128,128]), ShapedArray(float32[128,128]), ShapedArray(float32[128,128]), ShapedArray(float32[128,128]), ShapedArray(float32[128,128]), ShapedArray(float32[128,128]), ShapedArray(float32[128,128]), ShapedArray(float32[128,128]), ShapedArray(float32[128,128]), ShapedArray(float32[128,3072]), ShapedArray(float32[128,256]), ShapedArray(float32[256,128]), ShapedArray(float32[256,128]), ShapedArray(float32[256,128]), ShapedArray(float32[256,128]), ShapedArray(float32[256,128]), ShapedArray(float32[256,128]), ShapedArray(float32[256,128]), ShapedArray(float32[256,128]), ShapedArray(float32[256,128]), ShapedArray(float32[256,128]), ShapedArray(float32[256,128]), ShapedArray(float32[256,128]), ShapedArray(float32[256,128]), ShapedArray(float32[256,128]), ShapedArray(float32[256,128]), ShapedArray(float32[256,128]), ShapedArray(float32[256,128]), ShapedArray(float32[256,128]), ShapedArray(float32[256,128]), ShapedArray(float32[256,128]), ShapedArray(float32[256,128]), ShapedArray(float32[256,128]), ShapedArray(float32[256,128]), ShapedArray(float32[256,128]), ShapedArray(float32[256,128]), ShapedArray(float32[256,128]), ShapedArray(float32[256,128]), ShapedArray(float32[256,128]), ShapedArray(float32[256,128]), ShapedArray(float32[256,128]), ShapedArray(float32[256,128]), ShapedArray(float32[256,128]), ShapedArray(float32[256,128]), ShapedArray(float32[256,128]), ShapedArray(float32[256,128]), ShapedArray(float32[256,128]), ShapedArray(float32[256,128]), ShapedArray(float32[256,128]), ShapedArray(float32[256,128]), ShapedArray(float32[256,128])). Argument mapping: (UnspecifiedValue, UnspecifiedValue, UnspecifiedValue, UnspecifiedValue, UnspecifiedValue, UnspecifiedValue, UnspecifiedValue, UnspecifiedValue, UnspecifiedValue, UnspecifiedValue, UnspecifiedValue, UnspecifiedValue, UnspecifiedValue, UnspecifiedValue, UnspecifiedValue, UnspecifiedValue, UnspecifiedValue, UnspecifiedValue, UnspecifiedValue, UnspecifiedValue, UnspecifiedValue, UnspecifiedValue, UnspecifiedValue, UnspecifiedValue, UnspecifiedValue, UnspecifiedValue, UnspecifiedValue, UnspecifiedValue, UnspecifiedValue, UnspecifiedValue, UnspecifiedValue, UnspecifiedValue, UnspecifiedValue, UnspecifiedValue, UnspecifiedValue, UnspecifiedValue, UnspecifiedValue, UnspecifiedValue, UnspecifiedValue, UnspecifiedValue, UnspecifiedValue, UnspecifiedValue, UnspecifiedValue, UnspecifiedValue, UnspecifiedValue, UnspecifiedValue, UnspecifiedValue, UnspecifiedValue, UnspecifiedValue, UnspecifiedValue, UnspecifiedValue, UnspecifiedValue).
WARNING:jax._src.dispatch:Finished jaxpr to MLIR module conversion jit(scan) in 0.088925838 sec
WARNING:jax._src.dispatch:Finished XLA compilation of jit(scan) in 1.853511095 sec
cfg hashable: YES

--- per-call timing, SAME cfg object, T=16 ---
  call 0:  12935.9 ms
  call 1:   2584.2 ms
  call 2:   2625.1 ms
  call 3:   2589.1 ms
  call 4:   2680.6 ms
  call 5:   2672.9 ms

--- flat-in-T check at tiny T, same cfg reused ---
  T=   1:   2603.5 ms
  T=   2:   2732.0 ms
  T=   4:   2720.3 ms
  T=  32:   2721.3 ms

--- compile log: 3 identical calls (any output below = recompile) ---
  [after call 0]
  [after call 1]
  [after call 2]
DIAG_OK
=== DIAG_DONE ===
