+ ROOT=/media/md_lab/hd_21/preprocessed/pc_predictor
+ cd /media/md_lab/hd_21/preprocessed/pc_predictor
+ export UV_LINK_MODE=copy
+ UV_LINK_MODE=copy
+ /snap/bin/uv pip install --python .venv/bin/python --no-deps diffrax==0.7.2 lineax==0.1.1 optimistix==0.1.0 wadler-lindig==0.1.7 typing_extensions==4.16.0
Resolved 5 packages in 600ms
Prepared 1 package in 379ms
Installed 3 packages in 4.10s
 + diffrax==0.7.2
 + lineax==0.1.1
 + optimistix==0.1.0
+ echo '=== VERIFY ==='
=== VERIFY ===
+ .venv/bin/python -c '
import importlib.metadata as md, sys
print('\''python'\'', sys.version.split()[0])
for p in ['\''jax'\'','\''jaxlib'\'','\''equinox'\'','\''optax'\'','\''jpc'\'','\''diffrax'\'','\''lineax'\'','\''optimistix'\'','\''jaxtyping'\'','\''numpy'\'','\''h5py'\'']:
    try: print('\'' '\'', p, md.version(p))
    except Exception: print('\'' '\'', p, '\''MISSING'\'')
import jax, jpc
print('\''backend'\'', jax.default_backend(), jax.devices())
print('\''IMPORTS_OK'\'')
'
+ grep -v SyntaxWarning
+ grep -v '^  with respect'
+ grep -v '^  """'
  d\mathbf{z} / dt = - ∇_{\mathbf{z}} \mathcal{F}
  $||\mathbf{I} - \mathbf{W}_\ell^T \mathbf{W}_\ell||^2$ (0 by default).
  $||\mathbf{I} - \mathbf{W}_\ell^T \mathbf{W}_\ell||^2$ (0 by default).
  $||\mathbf{e}_\ell + \mathbf{A}_\ell \boldsymbol{\delta}_{\ell-1}||^2/2$ where
  $||\mathbf{e}_\ell + \mathbf{A}_\ell \boldsymbol{\delta}_{\ell-1}||^2/2$ where
  \mathcal{F}^* = \frac{1}{2B}\sum_i^B (\mathbf{y}_i - \hat{\mathbf{y}}_i)^T \mathbf{S}^{-1}(\mathbf{y}_i - \hat{\mathbf{y}}_i)
  $(\mathbf{H}_{\mathbf{z}})_{\ell k} := \partial^2 \mathcal{F} / \partial \mathbf{z}_\ell \partial \mathbf{z}_k \in \mathbb{R}^{(NH)×(NH)}$
  \mathbf{z}^* = \mathbf{H}_{\mathbf{z}}^{-1}\mathbf{b}
  transformation, $\mathbf{W}_\ell \phi(\mathbf{z}_{\ell-1})$, for
Traceback (most recent call last):
  File "<string>", line 7, in <module>
    import jax, jpc
  File "/media/md_lab/hd_21/preprocessed/pc_predictor/.venv/lib/python3.13/site-packages/jpc/__init__.py", line 41, in <module>
    from ._utils import (
    ...<10 lines>...
    )
  File "/media/md_lab/hd_21/preprocessed/pc_predictor/.venv/lib/python3.13/site-packages/jpc/_utils.py", line 8, in <module>
    from jaxlib.xla_extension import PjitFunction
ModuleNotFoundError: No module named 'jaxlib.xla_extension'
python 3.13.12
  jax 0.11.0
  jaxlib 0.11.0
  equinox 0.13.8
  optax 0.2.8
  jpc 1.0.0
  diffrax 0.7.2
  lineax 0.1.1
  optimistix 0.1.0
  jaxtyping 0.3.11
  numpy 2.5.3
  h5py 3.16.0
+ echo '=== SMOKE ==='
=== SMOKE ===
+ .venv/bin/python smoke_gpu.py
+ grep -v SyntaxWarning
+ grep -v '^  with respect'
Traceback (most recent call last):
  File "/media/md_lab/hd_21/preprocessed/pc_predictor/smoke_gpu.py", line 6, in <module>
    import config as C, encoder as E, sigreg as S, train as T
  File "/media/md_lab/hd_21/preprocessed/pc_predictor/Q1-PhaseA/encoder.py", line 53, in <module>
    import jpc
  File "/media/md_lab/hd_21/preprocessed/pc_predictor/.venv/lib/python3.13/site-packages/jpc/__init__.py", line 41, in <module>
    from ._utils import (
    ...<10 lines>...
    )
  File "/media/md_lab/hd_21/preprocessed/pc_predictor/.venv/lib/python3.13/site-packages/jpc/_utils.py", line 8, in <module>
    from jaxlib.xla_extension import PjitFunction
ModuleNotFoundError: No module named 'jaxlib.xla_extension'
+ echo '=== FINISH_DONE ==='
=== FINISH_DONE ===
